T:logs P:0 K:markg V:{"data":"Infof using zap","id":"9EiDQb4LRqsUwIk5poKK7LZmNGuXzkiRcIiGWkPT8+s=","source":"http://github.com/pavedroad-io/go-core/logger","specversion":"1.0","subject":"info","type":"io.pavedroad.cloudevents.log"}
T:logs P:0 K:markg V:{"data":"Warnf using zap","id":"nazqqH0dnUN6BFF0f8kYDBMqUfbjeMOVMDIeXbSa2tY=","source":"http://github.com/pavedroad-io/go-core/logger","specversion":"1.0","subject":"warn","type":"io.pavedroad.cloudevents.log"}
T:logs P:0 K:markg V:{"data":"Errorf using zap","id":"U62ofr/BTQ2ktIsClRBKfsgBcAt+dMdYUjeAfg9jdhI=","source":"http://github.com/pavedroad-io/go-core/logger","specversion":"1.0","subject":"error","type":"io.pavedroad.cloudevents.log"}
T:logs P:0 K:markg V:{"data":"Print usingzap","id":"Q1kfqV32AKKTUzPNzYo0IJymwGoIbWtL1ewUw0MV2Vc=","source":"http://github.com/pavedroad-io/go-core/logger","specversion":"1.0","subject":"info","type":"io.pavedroad.cloudevents.log"}
T:logs P:0 K:markg V:{"data":"Printf using zap","id":"JoXkIXK6Bz6aVHPKM/Dw008CxAAZYknLqTc7ezF+WIk=","source":"http://github.com/pavedroad-io/go-core/logger","specversion":"1.0","subject":"info","type":"io.pavedroad.cloudevents.log"}
T:logs P:0 K:markg V:{"data":"Println using zap","id":"vvDr0C8OU23XpKXhpx0XN7W5ik2jdfAzC9jf1RlIaC8=","source":"http://github.com/pavedroad-io/go-core/logger","specversion":"1.0","subject":"info","type":"io.pavedroad.cloudevents.log"}
